2026-07-31 16:48:45,064 [WARNING] Se creó 'F:\proyectos11\Control de entradas PAE\control_pae_act02\datos\salir_pantalla.txt' con una contraseña por defecto ('0000'). Cámbiala por una propia antes de usar el programa en producción.
2026-07-31 16:48:51,131 [WARNING] Intento fallido de salir de pantalla completa (contraseña incorrecta).
2026-07-31 16:49:41,849 [INFO] Se cambió el modo de pantalla completa con la contraseña de Esc.
2026-07-31 16:52:28,197 [INFO] Se cambió el modo de pantalla completa con la contraseña de Esc.
2026-07-31 16:52:46,207 [INFO] Se cambió el modo de pantalla completa con la contraseña de Esc.
2026-07-31 16:52:51,368 [INFO] Se cambió el modo de pantalla completa con la contraseña de Esc.
2026-07-31 16:52:52,951 [INFO] Se cambió el modo de pantalla completa con la contraseña de Esc.
2026-07-31 16:52:55,244 [INFO] Se cambió el modo de pantalla completa con la contraseña de Esc.
2026-07-31 16:52:56,886 [INFO] Se cambió el modo de pantalla completa con la contraseña de Esc.
2026-08-01 11:22:01,787 [INFO] Historial del mes 2026-07 exportado como 'F:\proyectos11\Control de entradas PAE\control_pae_act02\historicos\historial_total_2026-07.xlsx'.
2026-08-01 11:22:02,455 [INFO] Limpieza mensual realizada. Nuevo mes activo: 2026-08
2026-08-01 11:22:03,428 [WARNING] Se encontró 'app.lock' de una sesión anterior. Si el programa ya está abierto en otro equipo usando esta misma carpeta, cerrar uno de los dos evita que se pisen las escrituras del Excel.
2026-08-01 11:22:11,469 [INFO] Se cambió el modo de pantalla completa con la contraseña de Esc.
2026-08-01 11:39:48,450 [ERROR] Error al sincronizar historial_total.xlsx
Traceback (most recent call last):
  File "F:\proyectos11\Control de entradas PAE\control_pae_act02\entradas_pae26.py", line 447, in <module>
    sync_historial_total()
    ~~~~~~~~~~~~~~~~~~~~^^
  File "F:\proyectos11\Control de entradas PAE\control_pae_act02\entradas_pae26.py", line 249, in sync_historial_total
    wb.save(HISTORIAL_TOTAL_PATH)
    ~~~~~~~^^^^^^^^^^^^^^^^^^^^^^
  File "C:\Users\SIDIALGA\AppData\Roaming\Python\Python314\site-packages\openpyxl\workbook\workbook.py", line 386, in save
    save_workbook(self, filename)
    ~~~~~~~~~~~~~^^^^^^^^^^^^^^^^
  File "C:\Users\SIDIALGA\AppData\Roaming\Python\Python314\site-packages\openpyxl\writer\excel.py", line 291, in save_workbook
    archive = ZipFile(filename, 'w', ZIP_DEFLATED, allowZip64=True)
  File "C:\Users\SIDIALGA\AppData\Local\Programs\Thonny\Lib\zipfile\__init__.py", line 1453, in __init__
    self.fp = io.open(file, filemode)
              ~~~~~~~^^^^^^^^^^^^^^^^
PermissionError: [Errno 13] Permission denied: 'F:\\proyectos11\\Control de entradas PAE\\control_pae_act02\\datos\\historial_total.xlsx'
2026-08-01 12:58:38,700 [ERROR] Error inesperado al procesar el ID escaneado
Traceback (most recent call last):
  File "F:\proyectos11\Control de entradas PAE\control_pae_act02\entradas_pae26.py", line 777, in verify_entry
    if student_id in valid_ids_set:
                     ^^^^^^^^^^^^^
NameError: name 'valid_ids_set' is not defined
2026-08-01 12:58:49,532 [ERROR] Error inesperado al procesar el ID escaneado
Traceback (most recent call last):
  File "F:\proyectos11\Control de entradas PAE\control_pae_act02\entradas_pae26.py", line 777, in verify_entry
    if student_id in valid_ids_set:
                     ^^^^^^^^^^^^^
NameError: name 'valid_ids_set' is not defined
2026-08-01 12:58:52,065 [INFO] Se cambió el modo de pantalla completa con la contraseña de Esc.
2026-08-01 12:59:05,236 [ERROR] Error inesperado al procesar el ID escaneado
Traceback (most recent call last):
  File "F:\proyectos11\Control de entradas PAE\control_pae_act02\entradas_pae26.py", line 777, in verify_entry
    if student_id in valid_ids_set:
                     ^^^^^^^^^^^^^
NameError: name 'valid_ids_set' is not defined
2026-08-01 12:59:07,188 [ERROR] Error inesperado al procesar el ID escaneado
Traceback (most recent call last):
  File "F:\proyectos11\Control de entradas PAE\control_pae_act02\entradas_pae26.py", line 777, in verify_entry
    if student_id in valid_ids_set:
                     ^^^^^^^^^^^^^
NameError: name 'valid_ids_set' is not defined
2026-08-01 12:59:10,031 [INFO] Se cambió el modo de pantalla completa con la contraseña de Esc.
2026-08-01 12:59:13,580 [ERROR] Error inesperado al procesar el ID escaneado
Traceback (most recent call last):
  File "F:\proyectos11\Control de entradas PAE\control_pae_act02\entradas_pae26.py", line 777, in verify_entry
    if student_id in valid_ids_set:
                     ^^^^^^^^^^^^^
NameError: name 'valid_ids_set' is not defined
2026-08-01 12:59:17,076 [ERROR] Error inesperado al procesar el ID escaneado
Traceback (most recent call last):
  File "F:\proyectos11\Control de entradas PAE\control_pae_act02\entradas_pae26.py", line 777, in verify_entry
    if student_id in valid_ids_set:
                     ^^^^^^^^^^^^^
NameError: name 'valid_ids_set' is not defined
2026-08-01 12:59:20,705 [INFO] Se cambió el modo de pantalla completa con la contraseña de Esc.
2026-08-01 12:59:32,165 [ERROR] Error inesperado al procesar el ID escaneado
Traceback (most recent call last):
  File "F:\proyectos11\Control de entradas PAE\control_pae_act02\entradas_pae26.py", line 777, in verify_entry
    if student_id in valid_ids_set:
                     ^^^^^^^^^^^^^
NameError: name 'valid_ids_set' is not defined
2026-08-01 12:59:36,949 [ERROR] Error inesperado al procesar el ID escaneado
Traceback (most recent call last):
  File "F:\proyectos11\Control de entradas PAE\control_pae_act02\entradas_pae26.py", line 777, in verify_entry
    if student_id in valid_ids_set:
                     ^^^^^^^^^^^^^
NameError: name 'valid_ids_set' is not defined
2026-08-01 13:01:19,695 [ERROR] Error inesperado al procesar el ID escaneado
Traceback (most recent call last):
  File "F:\proyectos11\Control de entradas PAE\control_pae_act02\entradas_pae26.py", line 777, in verify_entry
    if student_id in valid_ids_set:
                     ^^^^^^^^^^^^^
NameError: name 'valid_ids_set' is not defined
2026-08-01 13:01:24,735 [ERROR] Error inesperado al procesar el ID escaneado
Traceback (most recent call last):
  File "F:\proyectos11\Control de entradas PAE\control_pae_act02\entradas_pae26.py", line 777, in verify_entry
    if student_id in valid_ids_set:
                     ^^^^^^^^^^^^^
NameError: name 'valid_ids_set' is not defined
2026-08-01 13:01:26,783 [ERROR] Error inesperado al procesar el ID escaneado
Traceback (most recent call last):
  File "F:\proyectos11\Control de entradas PAE\control_pae_act02\entradas_pae26.py", line 777, in verify_entry
    if student_id in valid_ids_set:
                     ^^^^^^^^^^^^^
NameError: name 'valid_ids_set' is not defined
2026-08-01 13:01:29,065 [INFO] Se cambió el modo de pantalla completa con la contraseña de Esc.
2026-08-01 17:34:55,965 [INFO] Se cambió el modo de pantalla completa con la contraseña de Esc.
2026-08-01 17:35:04,392 [INFO] Se cambió el modo de pantalla completa con la contraseña de Esc.
2026-08-02 09:48:08,193 [INFO] Reinicio diario ejecutado (cambio automático de fecha (2026-08-01 -> 2026-08-02)). Fecha registrada: 2026-08-01
2026-08-02 09:48:09,330 [WARNING] Se encontró 'app.lock' de una sesión anterior. Si el programa ya está abierto en otro equipo usando esta misma carpeta, cerrar uno de los dos evita que se pisen las escrituras del Excel.
2026-08-02 16:05:02,065 [INFO] Se cambió el modo de pantalla completa con la contraseña de Esc.
2026-08-02 16:05:07,430 [INFO] Se cambió el modo de pantalla completa con la contraseña de Esc.
